[2026-04-20T06:31:57.219950+02:00] user_logger.ERROR: User registration failed {"message":"User creation failed: SQLSTATE[42S22]: Column not found: 1054 Unknown column 'created_at' in 'field list'","trace":"#0 C:\\xampp\\htdocs\\Inventory_System\\src\\Services\\UserService.php(24): App\\Models\\User->create('kameshi', 'kameshika@gmail...', '1234@a', NULL)\n#1 C:\\xampp\\htdocs\\Inventory_System\\src\\Controllers\\UserController.php(45): App\\Services\\UserService::registerUser(Array)\n#2 C:\\xampp\\htdocs\\Inventory_System\\public\\index.php(29): App\\Controllers\\UserController::register()\n#3 {main}"} []
[2026-04-20T06:34:18.695657+02:00] user_logger.INFO: User registration successful {"email":"kameshika@gmail.com"} []
[2026-04-20T07:59:58.190319+02:00] user_logger.ERROR: User registration failed {"message":"User creation failed: SQLSTATE[HY093]: Invalid parameter number: parameter was not defined","trace":"#0 C:\\xampp\\htdocs\\Inventory_System\\src\\Services\\UserService.php(24): App\\Models\\User->create('aaaaa', 'jherath@gmail.c...', 'a1234@', NULL)\n#1 C:\\xampp\\htdocs\\Inventory_System\\src\\Controllers\\UserController.php(45): App\\Services\\UserService::registerUser(Array)\n#2 C:\\xampp\\htdocs\\Inventory_System\\public\\index.php(29): App\\Controllers\\UserController::register()\n#3 {main}"} []
[2026-04-20T08:02:04.036624+02:00] user_logger.ERROR: User registration failed {"message":"User creation failed: SQLSTATE[HY093]: Invalid parameter number: parameter was not defined","trace":"#0 C:\\xampp\\htdocs\\Inventory_System\\src\\Services\\UserService.php(24): App\\Models\\User->create('aaaaa', 'jherath@gmail.c...', '12345q@', NULL)\n#1 C:\\xampp\\htdocs\\Inventory_System\\src\\Controllers\\UserController.php(45): App\\Services\\UserService::registerUser(Array)\n#2 C:\\xampp\\htdocs\\Inventory_System\\public\\index.php(29): App\\Controllers\\UserController::register()\n#3 {main}"} []
[2026-04-20T08:06:02.548405+02:00] user_logger.INFO: User registration successful {"email":"jherath@gmail.com"} []
[2026-04-20T08:13:28.632411+02:00] user_logger.ERROR: User registration failed {"message":"User creation failed: SQLSTATE[HY093]: Invalid parameter number: parameter was not defined","trace":"#0 C:\\xampp\\htdocs\\Inventory_System\\src\\Services\\UserService.php(24): App\\Models\\User->create('kameshi', 'asdcdv@gmail.co...', '12345^z', NULL)\n#1 C:\\xampp\\htdocs\\Inventory_System\\src\\Controllers\\UserController.php(45): App\\Services\\UserService::registerUser(Array)\n#2 C:\\xampp\\htdocs\\Inventory_System\\public\\index.php(29): App\\Controllers\\UserController::register()\n#3 {main}"} []
[2026-04-20T08:24:49.993275+02:00] user_logger.INFO: User registration successful {"email":"asdcdv@gmail.com"} []
[2026-04-20T08:32:19.640440+02:00] user_logger.INFO: User registration successful {"email":"t4g65hgbr@gmail.com"} []
[2026-04-20T08:44:22.277149+02:00] user_logger.INFO: User registration successful {"email":"kameshikahera@gmail.com"} []
[2026-04-20T08:49:46.674916+02:00] user_logger.INFO: User registration successful {"email":"ndjwgheug@gmail.com"} []
[2026-04-20T08:50:48.647182+02:00] user_logger.INFO: User registration successful {"email":"jidujikwdenc@gmail.com"} []
[2026-04-20T08:52:56.868532+02:00] user_logger.INFO: User registration successful {"email":"xxdwwlkfr3oj@gmail.com"} []
[2026-04-20 11:34:34] [INFO] Registration attempt started for email: egerhtyjy5@gmail.com
[2026-04-20 11:34:34] [WARNING] Registration validation failed
[2026-04-20 11:35:31] [INFO] Registration attempt started for email: egerhtyjy5@gmail.com
[2026-04-20 11:35:31] [INFO] User registration successful
[2026-04-20 11:39:38] [INFO] Registration attempt started for email: fr3gtbtebth@gmail.com
[2026-04-20 11:39:38] [WARNING] Registration validation failed
[2026-04-20 11:42:52] [INFO] Registration attempt started for email: fr3gtbtebth@gmail.com
[2026-04-20 11:42:52] [INFO] User registration successful
[2026-04-20 11:47:30] [INFO] Registration attempt started for email: fredfvtd@gmail.com
[2026-04-20 11:47:30] [INFO] User registration successful
[2026-04-20 11:50:29] [INFO] Registration attempt started for email: kameshikaherath@gmail.com
[2026-04-20 11:50:29] [WARNING] Registration validation failed
[2026-04-20 11:50:44] [INFO] Registration attempt started for email: kameshikaherath@gmail.com
[2026-04-20 11:50:44] [ERROR] User registration failed
[2026-04-20 12:09:07] [INFO] Registration attempt started for email: kameshikahe@gmail.com
[2026-04-20 12:09:07] [INFO] User registration successful
[2026-04-20 12:10:22] [INFO] Registration attempt started for email: bvgyjhcvhk@gmail.com
[2026-04-20 12:10:23] [INFO] User registration successful
[2026-04-20 12:18:20] [INFO] Registration attempt started for email: qxdewcfef@gmail.com
[2026-04-20 12:22:46] [INFO] Registration attempt started for email: mcnjfnv@gmail.com
[2026-04-20 12:22:46] [INFO] User registration successful
[2026-04-20 15:55:40] [INFO] Registration attempt started for email: jcnjwdcvuwe@gmail.com
[2026-04-20 15:55:40] [INFO] User registration successful
[2026-04-20 16:07:28] [INFO] Registration attempt started for email: bghcnfgxvbx@gmail.com
[2026-04-20 16:07:29] [INFO] User registration successful
[2026-04-20 16:08:36] [INFO] Registration attempt started for email: kameshikaherath@gmail.com
[2026-04-20 16:08:36] [WARNING] Registration validation failed
[2026-04-20 16:11:19] [INFO] Registration attempt started for email: kameshikaherath@gmail.com
[2026-04-20 16:11:19] [WARNING] Registration validation failed
[2026-04-20 16:29:19] [INFO] Registration attempt started for email: kameshikaherath@gmail.com
[2026-04-20 16:29:19] [WARNING] Registration validation failed
[2026-04-20 16:33:05] [INFO] Registration attempt started for email: kameshika123@gmail.com
[2026-04-20 16:33:05] [INFO] User registration successful
[2026-04-20 16:37:09] [INFO] Registration attempt started for email: kameshikaherath@gmail.com
[2026-04-20 16:37:09] [WARNING] Registration validation failed
[2026-04-20 16:38:26] [INFO] Registration attempt started for email: kameshikaherath@gmail.com
[2026-04-20 16:38:26] [WARNING] Registration validation failed
